// Vitest Snapshot v1, https://vitest.dev/guide/snapshot.html

exports[`Html > should render content 1`] = `
<h1>
   header 
</h1>
`;
